// Jest Snapshot v1, https://goo.gl/fbAQLP

exports[`renders snapshot correctly 1`] = `
<div>
  <h1>
    This is a React-Express-Typescript template.
  </h1>
  <h2>
    It also uses Sass
  </h2>
</div>
`;
